--- Program Information ---
WesChat, Version: 1.2
Author: Wesley R. Parsons
Date: begun January 10, 2026
Sequence Length (SeqLen): 256
Stride: 64
Model Dimensions (ModelDim): 192
Dimensional Projections (Proj): 4
Heads (nHead): 8
Blocks (nBlock): 6
Epochs (MaxEpochs): 100000
Maximum Vocabulary (MaxVocab): 20000
Number of Vocabulary (nVocab): 0
Floor LR = 0.0001000 Base LR = 0.0100000 LR rolloff = 0.9999000
Global step: 0
Weight decay: 0.0000000
Decay scale = 1.0000000
Clip limit: 0.4000000
Current Learning Rate (LearningRate): 0.0000000
Temperature (Temperature): 1.0000000
Dropouts for Attention, MLP, Residual (A, MLP, RDropout): 0.1000 0.1000 0.1000
Trainable Parameters: Embeddings, Wq, Wk, Wv, W0, W1, b1, W2, b2, gamma1, beta1, gamma2, beta2
