--- Program Information ---
WesChat, Version: 1.2
Author: Wesley R. Parsons
Date: begun January 10, 2026
Sequence Length (SeqLen): 64
Model Dimensions (ModelDim): 64
Dimensional Projections (Proj): 4
Heads (nHead): 4
Blocks (nBlock): 4
Epochs (MaxEpochs): 100000
Learning Rate (LearningRate): 0.0000
Temperature (Temperature): 1.0000
Dropouts for Attention, MLP, Residual (A, MLP, RDropout): 0.10 0.10 0.10
Trainable Parameters: Embeddings, Wq, Wk, Wv, W0, W1, b1, W2, b2, gamma1, beta1, gamma2, beta2
Maximum Vocabulary (MaxVocab): 2000
Number of Vocabulary (nVocab): 0

--- File Information ---
Files used in symbol table: 
locke.txt   339046 bytes   5/20/2026 6:59:06 AM  

--- Time Statistics ---
Start time: 6/21/2026 12:39:35 PM     End time: 6/21/2026 12:39:35 PM
Total elapsed time: 0 hours, 0 min 0.0060 sec
--- BPE Statistics ---
Original text size (bytes/tokens): 339046
Encoded text size (bytes/tokens): 87299
Compression ratio: 3.8837
Tokens per second: 56507666.6667

--- Token Statistics ---
Merged token instances: 78204
Unmerged token instances: 9095
Mean token length: 3.8837

--- Top 30 Most Frequent Merged Tokens ---
   1  ID=   264  Count=    1167  Symbol="  "
   2  ID=   467  Count=    1141  Symbol="the "
   3  ID=   269  Count=     977  Symbol=", "
   4  ID=   285  Count=     773  Symbol="to "
   5  ID=   431  Count=     752  Symbol="and "
   6  ID=   261  Count=     687  Symbol="th"
   7  ID=   267  Count=     660  Symbol="s "
   8  ID=   307  Count=     601  Symbol="is "
   9  ID=   292  Count=     520  Symbol="of "
  10  ID=   880  Count=     498  Symbol="that "
  11  ID=   506  Count=     483  Symbol="a "
  12  ID=   977  Count=     429  Symbol="as "
  13  ID=   337  Count=     419  Symbol="in "
  14  ID=   318  Count=     400  Symbol="ed "
  15  ID=   329  Count=     393  Symbol=", and "
  16  ID=   374  Count=     379  Symbol="s, "
  17  ID=   335  Count=     374  Symbol="or "
  18  ID=   330  Count=     365  Symbol="it "
  19  ID=   260  Count=     337  Symbol="e "
  20  ID=   276  Count=     332  Symbol="y "
  21  ID=   325  Count=     325  Symbol="ing "
  22  ID=  1749  Count=     325  Symbol="they "
  23  ID=   404  Count=     319  Symbol="by "
  24  ID=   336  Count=     311  Symbol="his "
  25  ID=   279  Count=     298  Symbol="re"
  26  ID=   874  Count=     293  Symbol="any "
  27  ID=   391  Count=     292  Symbol=",  "
  28  ID=   332  Count=     279  Symbol="he "
  29  ID=   395  Count=     272  Symbol="; "
  30  ID=   319  Count=     271  Symbol="al"
Merged tokens never used: 83
Merged tokens used only once: 37
Top 30 merged tokens account for 14672 / 78202 merged-token instances = 18.76%


--- File Information ---
Files used in symbol table: 
locke.txt   339046 bytes   5/20/2026 6:59:06 AM  

--- Time Statistics ---
Start time: 6/21/2026 12:39:36 PM     End time: 6/21/2026 12:39:36 PM
Total elapsed time: 0 hours, 0 min 0.0060 sec
--- BPE Statistics ---
Original text size (bytes/tokens): 339046
Encoded text size (bytes/tokens): 87299
Compression ratio: 3.8837
Tokens per second: 56507666.6667

--- Token Statistics ---
Merged token instances: 78204
Unmerged token instances: 9095
Mean token length: 3.8837

--- Top 30 Most Frequent Merged Tokens ---
   1  ID=   264  Count=    1167  Symbol="  "
   2  ID=   467  Count=    1141  Symbol="the "
   3  ID=   269  Count=     977  Symbol=", "
   4  ID=   285  Count=     773  Symbol="to "
   5  ID=   431  Count=     752  Symbol="and "
   6  ID=   261  Count=     687  Symbol="th"
   7  ID=   267  Count=     660  Symbol="s "
   8  ID=   307  Count=     601  Symbol="is "
   9  ID=   292  Count=     520  Symbol="of "
  10  ID=   880  Count=     498  Symbol="that "
  11  ID=   506  Count=     483  Symbol="a "
  12  ID=   977  Count=     429  Symbol="as "
  13  ID=   337  Count=     419  Symbol="in "
  14  ID=   318  Count=     400  Symbol="ed "
  15  ID=   329  Count=     393  Symbol=", and "
  16  ID=   374  Count=     379  Symbol="s, "
  17  ID=   335  Count=     374  Symbol="or "
  18  ID=   330  Count=     365  Symbol="it "
  19  ID=   260  Count=     337  Symbol="e "
  20  ID=   276  Count=     332  Symbol="y "
  21  ID=   325  Count=     325  Symbol="ing "
  22  ID=  1749  Count=     325  Symbol="they "
  23  ID=   404  Count=     319  Symbol="by "
  24  ID=   336  Count=     311  Symbol="his "
  25  ID=   279  Count=     298  Symbol="re"
  26  ID=   874  Count=     293  Symbol="any "
  27  ID=   391  Count=     292  Symbol=",  "
  28  ID=   332  Count=     279  Symbol="he "
  29  ID=   395  Count=     272  Symbol="; "
  30  ID=   319  Count=     271  Symbol="al"
Merged tokens never used: 83
Merged tokens used only once: 37
Top 30 merged tokens account for 14672 / 78202 merged-token instances = 18.76%

