--- Program Information ---
WesChat, Version: 1.2
Author: Wesley R. Parsons
Date: begun January 10, 2026
Sequence Length (SeqLen): 256
Stride: 64
Model Dimensions (ModelDim): 192
Dimensional Projections (Proj): 4
Heads (nHead): 8
Blocks (nBlock): 6
Epochs (MaxEpochs): 1000000
Maximum Vocabulary (MaxVocab): 52000
Number of Vocabulary (nVocab): 0
Learning rate (slow): 0.0000000 with 0..10: 0.01; 11..20: 0.005; 21..100: 0.0005; 101..300: 0.0001; else 0.00005. 
Current Learning Rate: 0.0000000
Weight decay: 0.0000100; Decay scale = 0.0000000
Clip limit: 0.4000000
Temperature: 1.0000000
Global step: 0
Dropouts for Attention, MLP, Residual (A, MLP, RDropout): 0.0500 0.0500 0.0500
Trainable Parameters: Embeddings, Wq, Wk, Wv, W0, W1, b1, W2, b2, gamma1, beta1, gamma2, beta2
Trainable parameters:
  Embeddings       = 0
  Attention/block  = 147456
  FFN/block        = 295872
  LayerNorm/block  = 768
  Total/block      = 444096
  Blocks           = 6
  Total parameters = 2664576
