--- Program Information ---
WesChat, Version: 1.2
Author: Wesley R. Parsons
Date: begun January 10, 2026
Sequence Length (SeqLen): 64
Model Dimensions (ModelDim): 64
Dimensional Projections (Proj): 4
Heads (nHead): 4
Blocks (nBlock): 4
Epochs (MaxEpochs): 100000
Learning Rate (LearningRate): 0.0000
Temperature (Temperature): 1.0000
Dropouts for Attention, MLP, Residual (A, MLP, RDropout): 0.10 0.10 0.10
Trainable Parameters: Embeddings, Wq, Wk, Wv, W0, W1, b1, W2, b2, gamma1, beta1, gamma2, beta2
Maximum Vocabulary (MaxVocab): 12000
Number of Vocabulary (nVocab): 0

--- File Information ---
Files used in symbol table: 
bela.txt   1036 bytes   5/20/2026 6:59:04 AM  

--- Time Statistics ---
Start time: 6/22/2026 9:37:20 AM     End time: 6/22/2026 9:37:20 AM
Total elapsed time: 0 hours, 0 min 0.0000 sec
--- BPE