--- Program Information ---
WesChat, Version: 1.2
Author: Wesley R. Parsons
Date: begun January 10, 2026
Sequence Length (SeqLen): 64
Model Dimensions (ModelDim): 64
Dimensional Projections (Proj): 4
Heads (nHead): 4
Blocks (nBlock): 4
Epochs (MaxEpochs): 100000
Learning Rate (LearningRate): 0.0000
Temperature (Temperature): 1.0000
Dropouts for Attention, MLP, Residual (A, MLP, RDropout): 0.10 0.10 0.10
Trainable Parameters: Embeddings, Wq, Wk, Wv, W0, W1, b1, W2, b2, gamma1, beta1, gamma2, beta2
Maximum Vocabulary (MaxVocab): 12000
Number of Vocabulary (nVocab): 0

--- File Information ---
Files used in symbol table: 
locke.txt   339046 bytes   5/20/2026 6:59:06 AM  

--- Time Statistics ---
Start time: 6/22/2026 7:42:43 AM     End time: 6/22/2026 7:42:43 AM
Total elapsed time: 0 hours, 0 min 0.0380 sec
--- BPE Statistics ---
Original text size (bytes/tokens): 339046
Encoded text size (bytes/tokens): 50919
Compression ratio: 6.6585
Tokens per second: 8922263.1579

--- Token Statistics ---
Merged token instances: 49095
Unmerged token instances: 1824
Mean token length: 6.6585

--- Top 30 Most Frequent Merged Tokens ---
   1  ID=   467  Count=     471  Symbol="the "
   2  ID=   431  Count=     391  Symbol="and "
   3  ID=   264  Count=     338  Symbol="  "
   4  ID=   880  Count=     279  Symbol="that "
   5  ID=   506  Count=     268  Symbol="a "
   6  ID=   285  Count=     214  Symbol="to "
   7  ID=   977  Count=     208  Symbol="as "
   8  ID=   269  Count=     190  Symbol=", "
   9  ID=   335  Count=     175  Symbol="or "
  10  ID=   292  Count=     165  Symbol="of "
  11  ID=  1530  Count=     159  Symbol="their "
  12  ID=   329  Count=     154  Symbol=", and "
  13  ID=   307  Count=     154  Symbol="is "
  14  ID=   874  Count=     139  Symbol="any "
  15  ID=   337  Count=     130  Symbol="in "
  16  ID=  1749  Count=     129  Symbol="they "
  17  ID=  1536  Count=     128  Symbol="the  "
  18  ID=   330  Count=     121  Symbol="it "
  19  ID=   328  Count=     120  Symbol="be "
  20  ID=   267  Count=     114  Symbol="s "
  21  ID=  1474  Count=     113  Symbol="all "
  22  ID=   391  Count=     112  Symbol=",  "
  23  ID=   336  Count=     111  Symbol="his "
  24  ID=   377  Count=     108  Symbol="not "
  25  ID=   404  Count=     104  Symbol="by "
  26  ID=   398  Count=     103  Symbol="which "
  27  ID=   703  Count=     100  Symbol="are "
  28  ID=  2835  Count=     100  Symbol="this "
  29  ID=   261  Count=      94  Symbol="th"
  30  ID=   374  Count=      89  Symbol="s, "
Merged tokens never used: 1725
Merged tokens used only once: 1381
Top 30 merged tokens account for 5081 / 49093 merged-token instances = 10.35%

